// Jest Snapshot v1, https://goo.gl/fbAQLP

exports[`SprungbrettPage it should render a Failure if type is not valid 1`] = `
<Translate(Failure)
  error="This site does not exist"
/>
`;

exports[`SprungbrettPage it should render a selector and a list if type is valid 1`] = `
<div
  className="container"
>
  <SprungbrettSelector
    basePath="/augsburg/de/extras/sprungbrett"
    type="all"
  />
  <SprungbrettList
    jobs={
      Array [
        SprungbrettModel {
          "_id": "0",
          "_isApprenticeship": true,
          "_isEmployment": true,
          "_location": "Augsburg",
          "_title": "WebDeveloper",
          "_url": undefined,
        },
        SprungbrettModel {
          "_id": "1",
          "_isApprenticeship": false,
          "_isEmployment": true,
          "_location": "Augsburg",
          "_title": "BackendDeveloper",
          "_url": undefined,
        },
        SprungbrettModel {
          "_id": "2",
          "_isApprenticeship": true,
          "_isEmployment": false,
          "_location": "Augsburg",
          "_title": "Freelancer",
          "_url": undefined,
        },
      ]
    }
  />
</div>
`;
