// Jest Snapshot v1, https://goo.gl/fbAQLP

exports[`GeneralFooter should match snapshot 1`] = `
<Footer>
  <Connect(Link)
    href="/disclaimer"
  >
    app:imprintAndContact
  </Connect(Link)>
  <a
    href="https://integreat-app.de/datenschutz/"
  >
    Datenschutz
  </a>
</Footer>
`;
