// Jest Snapshot v1, https://goo.gl/fbAQLP

exports[`GeneralHeader should match snapshot 1`] = `
<Header
  actionItems={
    Array [
      HeaderActionItem {
        "_dropDownElement": undefined,
        "_href": "/",
        "_iconSrc": "test-file-stub",
      },
    ]
  }
  navigationItems={Array []}
/>
`;
