// Jest Snapshot v1, https://goo.gl/fbAQLP

exports[`HeaderActionBar should match snapshot 1`] = `
<div
  className="testClass actionItems"
>
  <Connect(Link)
    href="link1"
    key="0"
  >
    <img
      src="icon1"
    />
  </Connect(Link)>
  <Connect(Link)
    key="1"
  >
    <img
      src="icon2"
    />
  </Connect(Link)>
  <Connect(Link)
    key="2"
  >
    <img
      src="icon3"
    />
  </Connect(Link)>
</div>
`;
