// Jest Snapshot v1, https://goo.gl/fbAQLP

exports[`Header should match snapshot 1`] = `
<Headroom
  calcHeightOnResize={true}
  disable={false}
  disableInlineStyles={false}
  downTolerance={0}
  onPin={[Function]}
  onUnfix={[Function]}
  onUnpin={[Function]}
  parent={[Function]}
  pinStart={0}
  upTolerance={5}
  wrapperStyle={Object {}}
>
  <header
    className="header"
  >
    <div
      className="logoWide"
    >
      <img
        src="test-file-stub"
      />
    </div>
    <HeaderActionBar
      className="actionBar"
      items={
        Array [
          HeaderActionItem {
            "_dropDownNode": undefined,
            "_href": "/action1",
            "_iconSrc": undefined,
          },
        ]
      }
    />
    <HeaderMenuBar
      className="navigationBar"
      items={
        Array [
          HeaderNavigationItem {
            "_active": undefined,
            "_href": "/nav1",
            "_text": undefined,
          },
        ]
      }
    />
  </header>
</Headroom>
`;
