// Jest Snapshot v1, https://goo.gl/fbAQLP

exports[`LocationFooter should match snapshot 1`] = `
<Footer>
  <Connect(Link)
    href="/augsburg/de/disclaimer"
  >
    app:imprintAndContact
  </Connect(Link)>
  <a
    href="https://integreat-app.de/datenschutz/"
  >
    app:privacy
  </a>
</Footer>
`;
