// Jest Snapshot v1, https://goo.gl/fbAQLP

exports[`LocationEntry should match snapshot 1`] = `
<Connect(Link)
  className="languageListItem"
  href="/augsburg/de"
>
  Augsburg
</Connect(Link)>
`;
