// Jest Snapshot v1, https://goo.gl/fbAQLP

exports[`GeneralFooter should match snapshot 1`] = `
<Footer
  items={
    Array [
      Object {
        "href": "/disclaimer",
        "text": "app:imprintAndContact",
      },
    ]
  }
/>
`;
