// Jest Snapshot v1, https://goo.gl/fbAQLP

exports[`GeneralHeader should match snapshot 1`] = `
<Header
  actionItems={
    Array [
      Object {
        "href": "/",
        "iconSrc": "test-file-stub",
      },
    ]
  }
  menuItems={Array []}
/>
`;
