// Jest Snapshot v1, https://goo.gl/fbAQLP

exports[`CategoryTile should render and match snapshot 1`] = `
<Col
  className="category"
  md={3}
  sm={4}
  xs={6}
>
  <Connect(Link)
    href="/augsburg/de/willkommen"
  >
    <div
      className="thumbnailSizer"
    >
      <div
        className="categoryThumbnail"
      >
        <img
          src="https://cms.integreat-apâ€¦03/Beratung-150x150.png"
        />
      </div>
    </div>
    <div
      className="categoryTitle"
    >
      Willkommen
    </div>
  </Connect(Link)>
</Col>
`;
