// Jest Snapshot v1, https://goo.gl/fbAQLP

exports[`withFetcher should should show error if there is one and it's not hidded 1`] = `
<Connect(Component)
  className="loading"
  error="Yepp... Error time! Wuschhh!"
/>
`;
