// Jest Snapshot v1, https://goo.gl/fbAQLP

exports[`Heading should match snapshot 1`] = `
<div>
  <img
    className="logo"
    src="test-file-stub"
  />
  <h1
    className="caption"
  >
    Location
  </h1>
</div>
`;
